<html>
<body>
<pre>
<h1>µVision Build Log</h1>
<h2>Tool Versions:</h2>
IDE-Version: ¦ÌVision V5.36.0.0
Copyright (C) 2021 ARM Ltd and ARM Germany GmbH. All rights reserved.
License Information: li junhao, fjut, LIC=HN0AE-5CZS5-562Q2-9NV5M-PE1BT-LNH30
 
Tool Versions:
Toolchain:       MDK-ARM Plus  Version: 5.36.0.0
Toolchain Path:  E:\origin\MDK5.36\ARM\ARMCC\Bin
C Compiler:      Armcc.exe V5.06 update 7 (build 960)
Assembler:       Armasm.exe V5.06 update 7 (build 960)
Linker/Locator:  ArmLink.exe V5.06 update 7 (build 960)
Library Manager: ArmAr.exe V5.06 update 7 (build 960)
Hex Converter:   FromElf.exe V5.06 update 7 (build 960)
CPU DLL:         SARMCM3.DLL V5.36.0.0
Dialog DLL:      DCM.DLL V1.17.3.0
Target DLL:      UL2CM3.DLL V1.164.0.0
Dialog DLL:      TCM.DLL V1.53.0.0
 
<h2>Project:</h2>
D:\origin\MDK\dsProject\SmartHome_RTOS\Project\SmartHome.uvprojx
Project File Date:  09/20/2023

<h2>Output:</h2>
*** Using Compiler 'V5.06 update 7 (build 960)', folder: 'E:\origin\MDK5.36\ARM\ARMCC\Bin'
Rebuild target 'Target 1'
compiling stm32f1xx_hal.c...
compiling stm32f1xx_hal_cortex.c...
compiling stm32f1xx_hal_gpio_ex.c...
compiling stm32f1xx_hal_gpio.c...
compiling stm32f1xx_hal_dma.c...
compiling stm32f1xx_hal_pwr.c...
compiling sys.c...
compiling stm32f1xx_hal_rcc_ex.c...
compiling stm32f1xx_hal_uart.c...
compiling stm32f1xx_hal_rcc.c...
assembling startup_stm32f103xe.s...
compiling system_stm32f1xx.c...
compiling main.c...
compiling stm32f1xx_it.c...
linking...
Program Size: Code=2654 RO-data=378 RW-data=16 ZI-data=1632  
FromELF: creating hex file...
".\Objects\SmartHome.axf" - 0 Error(s), 0 Warning(s).

<h2>Software Packages used:</h2>

Package Vendor: Keil
                http://www.keil.com/pack/Keil.STM32F1xx_DFP.2.3.0.pack
                Keil.STM32F1xx_DFP.2.3.0
                STMicroelectronics STM32F1 Series Device Support, Drivers and Examples

<h2>Collection of Component include folders:</h2>
  E:\origin\MDK5.36\Packs\Keil\STM32F1xx_DFP\2.3.0\Device\Include

<h2>Collection of Component Files used:</h2>
Build Time Elapsed:  00:00:08
</pre>
</body>
</html>
